21:55:20 **** Build of configuration Debug for project Led ****
make all 
Building file: D:/engineering/Arm IMT/project/02-MCAL/03-SYSTICK/SYSTICK_Program.c
Invoking: Cross ARM GNU C Compiler
arm-none-eabi-gcc -mcpu=cortex-m4 -mthumb -mfloat-abi=soft -Og -fmessage-length=0 -fsigned-char -ffunction-sections -fdata-sections -fno-move-loop-invariants -Wall -Wextra  -g3 -DDEBUG -DUSE_FULL_ASSERT -DOS_USE_SEMIHOSTING -DTRACE -DOS_USE_TRACE_SEMIHOSTING_DEBUG -DSTM32F401xC -DUSE_HAL_DRIVER -DHSE_VALUE=25000000 -I"../include" -I"../system/include" -I"../system/include/cmsis" -I"../system/include/stm32f4-hal" -std=gnu11 -MMD -MP -MF"src/SYSTICK_Program.d" -MT"src/SYSTICK_Program.d" -c -o "src/SYSTICK_Program.o" "D:/engineering/Arm IMT/project/02-MCAL/03-SYSTICK/SYSTICK_Program.c"
In file included from D:/engineering/Arm IMT/project/02-MCAL/03-SYSTICK/SYSTICK_Program.c:2:0:
D:/engineering/Arm IMT/project/02-MCAL/03-SYSTICK/SYSTICK_Config.h:6:1: warning: useless storage class specifier in empty declaration
 };
 ^
D:/engineering/Arm IMT/project/02-MCAL/03-SYSTICK/SYSTICK_Program.c:35:1: warning: return type defaults to 'int' [-Wimplicit-int]
 Systick_Handler(){
 ^~~~~~~~~~~~~~~
D:/engineering/Arm IMT/project/02-MCAL/03-SYSTICK/SYSTICK_Program.c: In function 'Systick_Handler':
D:/engineering/Arm IMT/project/02-MCAL/03-SYSTICK/SYSTICK_Program.c:37:1: warning: control reaches end of non-void function [-Wreturn-type]
 }
 ^
Finished building: D:/engineering/Arm IMT/project/02-MCAL/03-SYSTICK/SYSTICK_Program.c
 
Building target: Led.elf
Invoking: Cross ARM GNU C++ Linker
arm-none-eabi-g++ -mcpu=cortex-m4 -mthumb -mfloat-abi=soft -Og -fmessage-length=0 -fsigned-char -ffunction-sections -fdata-sections -fno-move-loop-invariants -Wall -Wextra  -g3 -T mem.ld -T libs.ld -T sections.ld -nostartfiles -Xlinker --gc-sections -L"../ldscripts" -Wl,-Map,"Led.map" --specs=nano.specs -o "Led.elf"  ./system/src/stm32f4-hal/stm32f4xx_hal.o ./system/src/stm32f4-hal/stm32f4xx_hal_cortex.o ./system/src/stm32f4-hal/stm32f4xx_hal_dfsdm.o ./system/src/stm32f4-hal/stm32f4xx_hal_flash.o ./system/src/stm32f4-hal/stm32f4xx_hal_gpio.o ./system/src/stm32f4-hal/stm32f4xx_hal_iwdg.o ./system/src/stm32f4-hal/stm32f4xx_hal_pwr.o ./system/src/stm32f4-hal/stm32f4xx_hal_rcc.o  ./system/src/newlib/_cxx.o ./system/src/newlib/_exit.o ./system/src/newlib/_sbrk.o ./system/src/newlib/_startup.o ./system/src/newlib/_syscalls.o ./system/src/newlib/assert.o  ./system/src/diag/Trace.o ./system/src/diag/trace_impl.o  ./system/src/cortexm/_initialize_hardware.o ./system/src/cortexm/_reset_hardware.o ./system/src/cortexm/exception_handlers.o  ./system/src/cmsis/system_stm32f4xx.o ./system/src/cmsis/vectors_stm32f401xc.o  ./src/Dot_Matrix_Program.o ./src/GPIO_Program.o ./src/GPIO_config.o ./src/NVIC_Config.o ./src/NVIC_Program.o ./src/RCC_Program.o ./src/STP_Program.o ./src/SYSTICK_Program.o ./src/main.o   
Finished building target: Led.elf
 
Invoking: Cross ARM GNU Create Flash Image
arm-none-eabi-objcopy -O ihex "Led.elf"  "Led.hex"
Finished building: Led.hex
 
Invoking: Cross ARM GNU Print Size
arm-none-eabi-size --format=berkeley "Led.elf"
   text	   data	    bss	    dec	    hex	filename
   6946	    544	    700	   8190	   1ffe	Led.elf
Finished building: Led.siz
 

21:55:21 Build Finished (took 1s.269ms)

